// Jest Snapshot v1, https://goo.gl/fbAQLP

exports[`Key should render correctly 1`] = `
<div
  className="key-container "
  onClick={[MockFunction]}
>
  <p
    className="key-value"
  />
</div>
`;
