// Jest Snapshot v1, https://goo.gl/fbAQLP

exports[`Keypad should render correctly 1`] = `
<div
  className="keypad-container"
  numbers={Array []}
  operators={Array []}
>
  <div
    className="numbers-container"
  />
  <div
    className="operators-container"
  />
  <div
    className="submit-container"
  >
    <Key
      action={[MockFunction]}
      type="submit-key"
      value="="
    />
  </div>
</div>
`;
